w e 
3 __sum__([0,0],[0,1]) 
3.5 __sum__([1,0],[1,1]) 
__avg__([0,1],[1,1]) 6 
